// Jest Snapshot v1, https://goo.gl/fbAQLP

exports[`FormErrors.tsx matches snaptshot 1`] = `
<View
  style={
    Object {
      "marginVertical": 10,
    }
  }
>
  <Text
    style={
      Object {
        "color": "#dd0000",
        "fontSize": 12,
      }
    }
    testID="required-error"
  >
    Obrigatório
  </Text>
  <Text
    style={
      Object {
        "color": "#dd0000",
        "fontSize": 12,
      }
    }
    testID="valid-error"
  >
    Inválido
  </Text>
</View>
`;
