// Jest Snapshot v1, https://goo.gl/fbAQLP

exports[`PostCard.tsx matches snapshot 1`] = `
<Modal
  animationType="slide"
  hardwareAccelerated={false}
  onRequestClose={[MockFunction]}
  transparent={true}
  visible={true}
>
  <View
    onLayout={[Function]}
    style={
      Array [
        Object {
          "alignItems": "stretch",
          "flex": 1,
          "justifyContent": "center",
        },
        Object {
          "paddingBottom": 0,
        },
      ]
    }
  >
    <View
      accessible={true}
      focusable={true}
      onClick={[Function]}
      onResponderGrant={[Function]}
      onResponderMove={[Function]}
      onResponderRelease={[Function]}
      onResponderTerminate={[Function]}
      onResponderTerminationRequest={[Function]}
      onStartShouldSetResponder={[Function]}
      style={
        Object {
          "alignItems": "center",
          "flex": 1,
          "justifyContent": "center",
        }
      }
    >
      <View
        accessible={true}
        focusable={true}
        onClick={[Function]}
        onResponderGrant={[Function]}
        onResponderMove={[Function]}
        onResponderRelease={[Function]}
        onResponderTerminate={[Function]}
        onResponderTerminationRequest={[Function]}
        onStartShouldSetResponder={[Function]}
        style={
          Object {
            "alignSelf": "stretch",
            "backgroundColor": "#fff",
            "borderRadius": 20,
            "elevation": 5,
            "justifyContent": "center",
            "marginHorizontal": 10,
            "padding": 20,
            "paddingBottom": 30,
            "shadowColor": "#000",
            "shadowOffset": Object {
              "height": 2,
              "width": 0,
            },
            "shadowOpacity": 0.3,
            "shadowRadius": 4,
          }
        }
      >
        <View
          style={
            Object {
              "alignItems": "center",
              "flexDirection": "row",
              "justifyContent": "center",
              "position": "relative",
            }
          }
        >
          <Text
            style={
              Object {
                "fontSize": 24,
                "fontWeight": "bold",
              }
            }
          >
            Novo post
          </Text>
          <View
            accessible={true}
            focusable={true}
            onClick={[Function]}
            onResponderGrant={[Function]}
            onResponderMove={[Function]}
            onResponderRelease={[Function]}
            onResponderTerminate={[Function]}
            onResponderTerminationRequest={[Function]}
            onStartShouldSetResponder={[Function]}
            style={
              Object {
                "opacity": 1,
                "position": "absolute",
                "right": 0,
                "top": 0,
              }
            }
          >
            <Text
              allowFontScaling={false}
              style={
                Array [
                  Object {
                    "color": undefined,
                    "fontSize": 12,
                  },
                  Object {
                    "fontSize": 20,
                    "marginRight": 0,
                    "right": 0,
                  },
                  Object {
                    "fontFamily": "FontAwesome",
                    "fontStyle": "normal",
                    "fontWeight": "normal",
                  },
                  Object {},
                ]
              }
            >
              
            </Text>
          </View>
        </View>
        <View
          style={Object {}}
        >
          <View
            style={
              Object {
                "marginBottom": 60,
              }
            }
          >
            <View
              style={
                Object {
                  "marginVertical": 20,
                  "maxHeight": 80,
                }
              }
            >
              <View
                style={
                  Object {
                    "marginVertical": 5,
                  }
                }
              >
                <Text
                  style={
                    Object {
                      "fontSize": 20,
                    }
                  }
                >
                  Título
                </Text>
              </View>
              <TextInput
                allowFontScaling={true}
                autoCapitalize="none"
                editable={true}
                keyboardType="email-address"
                onBlur={[Function]}
                onChangeText={[Function]}
                placeholder="Crie seu título"
                placeholderTextColor="#898989"
                rejectResponderTermination={true}
                style={
                  Object {
                    "borderBottomColor": "#000",
                    "borderBottomWidth": 1,
                    "paddingVertical": 5,
                  }
                }
                textContentType="username"
                underlineColorAndroid="transparent"
                value=""
              />
            </View>
            <View
              style={
                Object {
                  "marginVertical": 20,
                  "maxHeight": 80,
                }
              }
            >
              <View
                style={
                  Object {
                    "marginVertical": 5,
                  }
                }
              >
                <Text
                  style={
                    Object {
                      "fontSize": 20,
                    }
                  }
                >
                  Post
                </Text>
              </View>
              <TextInput
                allowFontScaling={true}
                editable={true}
                multiline={true}
                numberOfLines={5}
                onBlur={[Function]}
                onChangeText={[Function]}
                placeholder="Mal posso esperar para ler o que você tem para contar"
                placeholderTextColor="#898989"
                rejectResponderTermination={true}
                style={
                  Object {
                    "borderBottomColor": "#000",
                    "borderBottomWidth": 1,
                    "paddingVertical": 5,
                  }
                }
                underlineColorAndroid="transparent"
                value=""
              />
            </View>
          </View>
          <View
            style={Object {}}
          >
            <View
              accessible={true}
              focusable={true}
              onClick={[Function]}
              onResponderGrant={[Function]}
              onResponderMove={[Function]}
              onResponderRelease={[Function]}
              onResponderTerminate={[Function]}
              onResponderTerminationRequest={[Function]}
              onStartShouldSetResponder={[Function]}
              style={
                Object {
                  "backgroundColor": "#ea94a5",
                  "borderRadius": 50,
                  "height": 50,
                  "opacity": 1,
                  "padding": 16,
                }
              }
            >
              <Text
                style={
                  Object {
                    "fontWeight": "bold",
                    "textAlign": "center",
                  }
                }
              >
                Criar
              </Text>
            </View>
          </View>
        </View>
      </View>
    </View>
  </View>
</Modal>
`;
