// Jest Snapshot v1, https://goo.gl/fbAQLP

exports[`PostListTop.tsx matches snapshot 1`] = `
<View
  style={
    Object {
      "alignItems": "center",
      "flexDirection": "row",
      "height": 40,
      "justifyContent": "space-between",
      "marginBottom": 15,
      "marginHorizontal": 15,
    }
  }
>
  <View
    style={
      Object {
        "alignItems": "center",
        "backgroundColor": "#fff",
        "borderColor": "#DADADA",
        "borderRadius": 20,
        "borderWidth": 1,
        "flex": 1,
        "flexDirection": "row",
        "height": 40,
        "justifyContent": "flex-start",
        "marginRight": 10,
      }
    }
  >
    <Text
      allowFontScaling={false}
      style={
        Array [
          Object {
            "color": undefined,
            "fontSize": 12,
          },
          Object {
            "alignItems": "center",
            "fontSize": 16,
            "height": 40,
            "justifyContent": "center",
            "padding": 10,
          },
          Object {
            "fontFamily": "FontAwesome",
            "fontStyle": "normal",
            "fontWeight": "normal",
          },
          Object {},
        ]
      }
    >
      
    </Text>
    <TextInput
      allowFontScaling={true}
      onChangeText={[MockFunction]}
      placeholder="Pesquise um post"
      placeholderTextColor="#000"
      rejectResponderTermination={true}
      style={
        Object {
          "flex": 1,
          "paddingVertical": 10,
        }
      }
      underlineColorAndroid="transparent"
      value=""
    />
  </View>
  <View
    style={
      Object {
        "alignItems": "center",
        "height": 40,
        "justifyContent": "center",
      }
    }
  >
    <View
      accessible={true}
      focusable={true}
      onClick={[Function]}
      onResponderGrant={[Function]}
      onResponderMove={[Function]}
      onResponderRelease={[Function]}
      onResponderTerminate={[Function]}
      onResponderTerminationRequest={[Function]}
      onStartShouldSetResponder={[Function]}
      style={
        Object {
          "opacity": 1,
        }
      }
    >
      <Text
        allowFontScaling={false}
        style={
          Array [
            Object {
              "color": undefined,
              "fontSize": 12,
            },
            Object {
              "fontSize": 20,
            },
            Object {
              "fontFamily": "FontAwesome",
              "fontStyle": "normal",
              "fontWeight": "normal",
            },
            Object {},
          ]
        }
      >
        
      </Text>
    </View>
  </View>
</View>
`;
